set enable_seqscan=off;
CREATE TABLE test_int4 (
	i int4
);
INSERT INTO test_int4 VALUES (-2),(-1),(0),(1),(2),(3);
CREATE INDEX idx_int4 ON test_int4 USING rum (i);
SELECT * FROM test_int4 WHERE i<1::int4 ORDER BY i;
 i  
----
 -2
 -1
  0
(3 rows)

SELECT * FROM test_int4 WHERE i<=1::int4 ORDER BY i;
 i  
----
 -2
 -1
  0
  1
(4 rows)

SELECT * FROM test_int4 WHERE i=1::int4 ORDER BY i;
 i 
---
 1
(1 row)

SELECT * FROM test_int4 WHERE i>=1::int4 ORDER BY i;
 i 
---
 1
 2
 3
(3 rows)

SELECT * FROM test_int4 WHERE i>1::int4 ORDER BY i;
 i 
---
 2
 3
(2 rows)

EXPLAIN (costs off)
SELECT *, i <=> 0::int4 FROM test_int4 ORDER BY i <=> 0::int4;
               QUERY PLAN               
----------------------------------------
 Index Scan using idx_int4 on test_int4
   Order By: (i <=> 0)
(2 rows)

SELECT *, i <=> 0::int4 FROM test_int4 ORDER BY i <=> 0::int4;
 i  | ?column? 
----+----------
  0 |        0
 -1 |        1
  1 |        1
 -2 |        2
  2 |        2
  3 |        3
(6 rows)

EXPLAIN (costs off)
SELECT *, i <=> 1::int4 FROM test_int4 WHERE i<1::int4 ORDER BY i <=> 1::int4;
               QUERY PLAN               
----------------------------------------
 Index Scan using idx_int4 on test_int4
   Index Cond: (i < 1)
   Order By: (i <=> 1)
(3 rows)

SELECT *, i <=> 1::int4 FROM test_int4 WHERE i<1::int4 ORDER BY i <=> 1::int4;
 i  | ?column? 
----+----------
  0 |        1
 -1 |        2
 -2 |        3
(3 rows)

CREATE TABLE test_int4_o AS SELECT id::int4, t FROM tsts;
CREATE INDEX test_int4_o_idx ON test_int4_o USING rum
	(t rum_tsvector_addon_ops, id)
	WITH (attach = 'id', to = 't');
RESET enable_seqscan;
SET enable_indexscan=OFF;
SET enable_indexonlyscan=OFF;
SET enable_bitmapscan=OFF;
SELECT id, id <=> 400 FROM test_int4_o WHERE t @@ 'wr&qh' ORDER BY id <=> 400 LIMIT 5;
 id  | ?column? 
-----+----------
 406 |        6
 415 |       15
 428 |       28
 371 |       29
 355 |       45
(5 rows)

SELECT id, id <=| 400 FROM test_int4_o WHERE t @@ 'wr&qh' ORDER BY id <=| 400 LIMIT 5;
 id  | ?column? 
-----+----------
 371 |       29
 355 |       45
 354 |       46
 252 |      148
 232 |      168
(5 rows)

SELECT id, id |=> 400 FROM test_int4_o WHERE t @@ 'wr&qh' ORDER BY id |=> 400 LIMIT 5;
 id  | ?column? 
-----+----------
 406 |        6
 415 |       15
 428 |       28
 457 |       57
 458 |       58
(5 rows)

SELECT id FROM test_int4_o WHERE  t @@ 'wr&qh' AND id <= 400 ORDER BY id;
 id  
-----
  16
  39
  71
 135
 168
 232
 252
 354
 355
 371
(10 rows)

SELECT id FROM test_int4_o WHERE  t @@ 'wr&qh' AND id >= 400 ORDER BY id;
 id  
-----
 406
 415
 428
 457
 458
 484
 496
(7 rows)

RESET enable_indexscan;
RESET enable_indexonlyscan;
RESET enable_bitmapscan;
SET enable_seqscan = off;
EXPLAIN (costs off)
SELECT id, id <=> 400 FROM test_int4_o WHERE t @@ 'wr&qh' ORDER BY id <=> 400 LIMIT 5;
                      QUERY PLAN                       
-------------------------------------------------------
 Limit
   ->  Index Scan using test_int4_o_idx on test_int4_o
         Index Cond: (t @@ '''wr'' & ''qh'''::tsquery)
         Order By: (id <=> 400)
(4 rows)

SELECT id, id <=> 400 FROM test_int4_o WHERE t @@ 'wr&qh' ORDER BY id <=> 400 LIMIT 5;
 id  | ?column? 
-----+----------
 406 |        6
 415 |       15
 428 |       28
 371 |       29
 355 |       45
(5 rows)

EXPLAIN (costs off)
SELECT id, id <=| 400 FROM test_int4_o WHERE t @@ 'wr&qh' ORDER BY id <=| 400 LIMIT 5;
                      QUERY PLAN                       
-------------------------------------------------------
 Limit
   ->  Index Scan using test_int4_o_idx on test_int4_o
         Index Cond: (t @@ '''wr'' & ''qh'''::tsquery)
         Order By: (id <=| 400)
(4 rows)

SELECT id, id <=| 400 FROM test_int4_o WHERE t @@ 'wr&qh' ORDER BY id <=| 400 LIMIT 5;
 id  | ?column? 
-----+----------
 371 |       29
 355 |       45
 354 |       46
 252 |      148
 232 |      168
(5 rows)

EXPLAIN (costs off)
SELECT id, id |=> 400 FROM test_int4_o WHERE t @@ 'wr&qh' ORDER BY id |=> 400 LIMIT 5;
                      QUERY PLAN                       
-------------------------------------------------------
 Limit
   ->  Index Scan using test_int4_o_idx on test_int4_o
         Index Cond: (t @@ '''wr'' & ''qh'''::tsquery)
         Order By: (id |=> 400)
(4 rows)

SELECT id, id |=> 400 FROM test_int4_o WHERE t @@ 'wr&qh' ORDER BY id |=> 400 LIMIT 5;
 id  | ?column? 
-----+----------
 406 |        6
 415 |       15
 428 |       28
 457 |       57
 458 |       58
(5 rows)

EXPLAIN (costs off)
SELECT id FROM test_int4_o WHERE  t @@ 'wr&qh' AND id <= 400 ORDER BY id;
                               QUERY PLAN                                
-------------------------------------------------------------------------
 Sort
   Sort Key: id
   ->  Index Scan using test_int4_o_idx on test_int4_o
         Index Cond: ((t @@ '''wr'' & ''qh'''::tsquery) AND (id <= 400))
(4 rows)

SELECT id FROM test_int4_o WHERE  t @@ 'wr&qh' AND id <= 400 ORDER BY id;
 id  
-----
  16
  39
  71
 135
 168
 232
 252
 354
 355
 371
(10 rows)

EXPLAIN (costs off)
SELECT id FROM test_int4_o WHERE  t @@ 'wr&qh' AND id >= 400 ORDER BY id;
                               QUERY PLAN                                
-------------------------------------------------------------------------
 Sort
   Sort Key: id
   ->  Index Scan using test_int4_o_idx on test_int4_o
         Index Cond: ((t @@ '''wr'' & ''qh'''::tsquery) AND (id >= 400))
(4 rows)

SELECT id FROM test_int4_o WHERE  t @@ 'wr&qh' AND id >= 400 ORDER BY id;
 id  
-----
 406
 415
 428
 457
 458
 484
 496
(7 rows)

CREATE TABLE test_int4_a AS SELECT id::int4, t FROM tsts;
CREATE INDEX test_int4_a_idx ON test_int4_a USING rum
	(t rum_tsvector_addon_ops, id)
	WITH (attach = 'id', to = 't', order_by_attach='t');
SET enable_bitmapscan=OFF;
EXPLAIN (costs off)
SELECT count(*) FROM test_int4_a WHERE id < 400;
                      QUERY PLAN                       
-------------------------------------------------------
 Aggregate
   ->  Index Scan using test_int4_a_idx on test_int4_a
         Index Cond: (id < 400)
(3 rows)

SELECT count(*) FROM test_int4_a WHERE id < 400;
 count 
-------
   401
(1 row)

EXPLAIN (costs off)
SELECT id, id <=> 400 FROM test_int4_a WHERE t @@ 'wr&qh' ORDER BY id <=> 400 LIMIT 5;
                      QUERY PLAN                       
-------------------------------------------------------
 Limit
   ->  Index Scan using test_int4_a_idx on test_int4_a
         Index Cond: (t @@ '''wr'' & ''qh'''::tsquery)
         Order By: (id <=> 400)
(4 rows)

SELECT id, id <=> 400 FROM test_int4_a WHERE t @@ 'wr&qh' ORDER BY id <=> 400 LIMIT 5;
 id  | ?column? 
-----+----------
 406 |        6
 415 |       15
 428 |       28
 371 |       29
 355 |       45
(5 rows)

EXPLAIN (costs off)
SELECT id, id <=| 400 FROM test_int4_a WHERE t @@ 'wr&qh' ORDER BY id <=| 400 LIMIT 5;
                      QUERY PLAN                       
-------------------------------------------------------
 Limit
   ->  Index Scan using test_int4_a_idx on test_int4_a
         Index Cond: (t @@ '''wr'' & ''qh'''::tsquery)
         Order By: (id <=| 400)
(4 rows)

SELECT id, id <=| 400 FROM test_int4_a WHERE t @@ 'wr&qh' ORDER BY id <=| 400 LIMIT 5;
 id  | ?column? 
-----+----------
 371 |       29
 355 |       45
 354 |       46
 252 |      148
 232 |      168
(5 rows)

EXPLAIN (costs off)
SELECT id, id |=> 400 FROM test_int4_a WHERE t @@ 'wr&qh' ORDER BY id |=> 400 LIMIT 5;
                      QUERY PLAN                       
-------------------------------------------------------
 Limit
   ->  Index Scan using test_int4_a_idx on test_int4_a
         Index Cond: (t @@ '''wr'' & ''qh'''::tsquery)
         Order By: (id |=> 400)
(4 rows)

SELECT id, id |=> 400 FROM test_int4_a WHERE t @@ 'wr&qh' ORDER BY id |=> 400 LIMIT 5;
 id  | ?column? 
-----+----------
 406 |        6
 415 |       15
 428 |       28
 457 |       57
 458 |       58
(5 rows)

EXPLAIN (costs off)
SELECT id FROM test_int4_a WHERE  t @@ 'wr&qh' AND id <= 400 ORDER BY id;
                               QUERY PLAN                                
-------------------------------------------------------------------------
 Sort
   Sort Key: id
   ->  Index Scan using test_int4_a_idx on test_int4_a
         Index Cond: ((t @@ '''wr'' & ''qh'''::tsquery) AND (id <= 400))
(4 rows)

SELECT id FROM test_int4_a WHERE  t @@ 'wr&qh' AND id <= 400 ORDER BY id;
 id  
-----
  16
  39
  71
 135
 168
 232
 252
 354
 355
 371
(10 rows)

EXPLAIN (costs off)
SELECT id FROM test_int4_a WHERE  t @@ 'wr&qh' AND id >= 400 ORDER BY id;
                               QUERY PLAN                                
-------------------------------------------------------------------------
 Sort
   Sort Key: id
   ->  Index Scan using test_int4_a_idx on test_int4_a
         Index Cond: ((t @@ '''wr'' & ''qh'''::tsquery) AND (id >= 400))
(4 rows)

SELECT id FROM test_int4_a WHERE  t @@ 'wr&qh' AND id >= 400 ORDER BY id;
 id  
-----
 406
 415
 428
 457
 458
 484
 496
(7 rows)

CREATE TABLE test_int4_h_o AS SELECT id::int4, t FROM tsts;
CREATE INDEX test_int4_h_o_idx ON test_int4_h_o USING rum
	(t rum_tsvector_hash_addon_ops, id)
	WITH (attach = 'id', to = 't');
RESET enable_seqscan;
SET enable_indexscan=OFF;
SET enable_indexonlyscan=OFF;
SET enable_bitmapscan=OFF;
SELECT id, id <=> 400 FROM test_int4_h_o WHERE t @@ 'wr&qh' ORDER BY id <=> 400 LIMIT 5;
 id  | ?column? 
-----+----------
 406 |        6
 415 |       15
 428 |       28
 371 |       29
 355 |       45
(5 rows)

SELECT id, id <=| 400 FROM test_int4_h_o WHERE t @@ 'wr&qh' ORDER BY id <=| 400 LIMIT 5;
 id  | ?column? 
-----+----------
 371 |       29
 355 |       45
 354 |       46
 252 |      148
 232 |      168
(5 rows)

SELECT id, id |=> 400 FROM test_int4_h_o WHERE t @@ 'wr&qh' ORDER BY id |=> 400 LIMIT 5;
 id  | ?column? 
-----+----------
 406 |        6
 415 |       15
 428 |       28
 457 |       57
 458 |       58
(5 rows)

SELECT id FROM test_int4_h_o WHERE  t @@ 'wr&qh' AND id <= 400 ORDER BY id;
 id  
-----
  16
  39
  71
 135
 168
 232
 252
 354
 355
 371
(10 rows)

SELECT id FROM test_int4_h_o WHERE  t @@ 'wr&qh' AND id >= 400 ORDER BY id;
 id  
-----
 406
 415
 428
 457
 458
 484
 496
(7 rows)

RESET enable_indexscan;
RESET enable_indexonlyscan;
RESET enable_bitmapscan;
SET enable_seqscan = off;
EXPLAIN (costs off)
SELECT id, id <=> 400 FROM test_int4_h_o WHERE t @@ 'wr&qh' ORDER BY id <=> 400 LIMIT 5;
                        QUERY PLAN                         
-----------------------------------------------------------
 Limit
   ->  Index Scan using test_int4_h_o_idx on test_int4_h_o
         Index Cond: (t @@ '''wr'' & ''qh'''::tsquery)
         Order By: (id <=> 400)
(4 rows)

SELECT id, id <=> 400 FROM test_int4_h_o WHERE t @@ 'wr&qh' ORDER BY id <=> 400 LIMIT 5;
 id  | ?column? 
-----+----------
 406 |        6
 415 |       15
 428 |       28
 371 |       29
 355 |       45
(5 rows)

EXPLAIN (costs off)
SELECT id, id <=| 400 FROM test_int4_h_o WHERE t @@ 'wr&qh' ORDER BY id <=| 400 LIMIT 5;
                        QUERY PLAN                         
-----------------------------------------------------------
 Limit
   ->  Index Scan using test_int4_h_o_idx on test_int4_h_o
         Index Cond: (t @@ '''wr'' & ''qh'''::tsquery)
         Order By: (id <=| 400)
(4 rows)

SELECT id, id <=| 400 FROM test_int4_h_o WHERE t @@ 'wr&qh' ORDER BY id <=| 400 LIMIT 5;
 id  | ?column? 
-----+----------
 371 |       29
 355 |       45
 354 |       46
 252 |      148
 232 |      168
(5 rows)

EXPLAIN (costs off)
SELECT id, id |=> 400 FROM test_int4_h_o WHERE t @@ 'wr&qh' ORDER BY id |=> 400 LIMIT 5;
                        QUERY PLAN                         
-----------------------------------------------------------
 Limit
   ->  Index Scan using test_int4_h_o_idx on test_int4_h_o
         Index Cond: (t @@ '''wr'' & ''qh'''::tsquery)
         Order By: (id |=> 400)
(4 rows)

SELECT id, id |=> 400 FROM test_int4_h_o WHERE t @@ 'wr&qh' ORDER BY id |=> 400 LIMIT 5;
 id  | ?column? 
-----+----------
 406 |        6
 415 |       15
 428 |       28
 457 |       57
 458 |       58
(5 rows)

SET enable_bitmapscan=OFF;
EXPLAIN (costs off)
SELECT id FROM test_int4_h_o WHERE  t @@ 'wr&qh' AND id <= 400 ORDER BY id;
                               QUERY PLAN                                
-------------------------------------------------------------------------
 Sort
   Sort Key: id
   ->  Index Scan using test_int4_h_o_idx on test_int4_h_o
         Index Cond: ((t @@ '''wr'' & ''qh'''::tsquery) AND (id <= 400))
(4 rows)

SELECT id FROM test_int4_h_o WHERE  t @@ 'wr&qh' AND id <= 400 ORDER BY id;
 id  
-----
  16
  39
  71
 135
 168
 232
 252
 354
 355
 371
(10 rows)

EXPLAIN (costs off)
SELECT id FROM test_int4_h_o WHERE  t @@ 'wr&qh' AND id >= 400 ORDER BY id;
                               QUERY PLAN                                
-------------------------------------------------------------------------
 Sort
   Sort Key: id
   ->  Index Scan using test_int4_h_o_idx on test_int4_h_o
         Index Cond: ((t @@ '''wr'' & ''qh'''::tsquery) AND (id >= 400))
(4 rows)

SELECT id FROM test_int4_h_o WHERE  t @@ 'wr&qh' AND id >= 400 ORDER BY id;
 id  
-----
 406
 415
 428
 457
 458
 484
 496
(7 rows)

CREATE TABLE test_int4_h_a AS SELECT id::int4, t FROM tsts;
CREATE INDEX test_int4_h_a_idx ON test_int4_h_a USING rum
	(t rum_tsvector_hash_addon_ops, id)
	WITH (attach = 'id', to = 't', order_by_attach='t');
EXPLAIN (costs off)
SELECT count(*) FROM test_int4_h_a WHERE id < 400;
                        QUERY PLAN                         
-----------------------------------------------------------
 Aggregate
   ->  Index Scan using test_int4_h_a_idx on test_int4_h_a
         Index Cond: (id < 400)
(3 rows)

SELECT count(*) FROM test_int4_h_a WHERE id < 400;
 count 
-------
   401
(1 row)

EXPLAIN (costs off)
SELECT id, id <=> 400 FROM test_int4_h_a WHERE t @@ 'wr&qh' ORDER BY id <=> 400 LIMIT 5;
                        QUERY PLAN                         
-----------------------------------------------------------
 Limit
   ->  Index Scan using test_int4_h_a_idx on test_int4_h_a
         Index Cond: (t @@ '''wr'' & ''qh'''::tsquery)
         Order By: (id <=> 400)
(4 rows)

SELECT id, id <=> 400 FROM test_int4_h_a WHERE t @@ 'wr&qh' ORDER BY id <=> 400 LIMIT 5;
 id  | ?column? 
-----+----------
 406 |        6
 415 |       15
 428 |       28
 371 |       29
 355 |       45
(5 rows)

EXPLAIN (costs off)
SELECT id, id <=| 400 FROM test_int4_h_a WHERE t @@ 'wr&qh' ORDER BY id <=| 400 LIMIT 5;
                        QUERY PLAN                         
-----------------------------------------------------------
 Limit
   ->  Index Scan using test_int4_h_a_idx on test_int4_h_a
         Index Cond: (t @@ '''wr'' & ''qh'''::tsquery)
         Order By: (id <=| 400)
(4 rows)

SELECT id, id <=| 400 FROM test_int4_h_a WHERE t @@ 'wr&qh' ORDER BY id <=| 400 LIMIT 5;
 id  | ?column? 
-----+----------
 371 |       29
 355 |       45
 354 |       46
 252 |      148
 232 |      168
(5 rows)

EXPLAIN (costs off)
SELECT id, id |=> 400 FROM test_int4_h_a WHERE t @@ 'wr&qh' ORDER BY id |=> 400 LIMIT 5;
                        QUERY PLAN                         
-----------------------------------------------------------
 Limit
   ->  Index Scan using test_int4_h_a_idx on test_int4_h_a
         Index Cond: (t @@ '''wr'' & ''qh'''::tsquery)
         Order By: (id |=> 400)
(4 rows)

SELECT id, id |=> 400 FROM test_int4_h_a WHERE t @@ 'wr&qh' ORDER BY id |=> 400 LIMIT 5;
 id  | ?column? 
-----+----------
 406 |        6
 415 |       15
 428 |       28
 457 |       57
 458 |       58
(5 rows)

EXPLAIN (costs off)
SELECT id FROM test_int4_h_a WHERE  t @@ 'wr&qh' AND id <= 400 ORDER BY id;
                               QUERY PLAN                                
-------------------------------------------------------------------------
 Sort
   Sort Key: id
   ->  Index Scan using test_int4_h_a_idx on test_int4_h_a
         Index Cond: ((t @@ '''wr'' & ''qh'''::tsquery) AND (id <= 400))
(4 rows)

SELECT id FROM test_int4_h_a WHERE  t @@ 'wr&qh' AND id <= 400 ORDER BY id;
 id  
-----
  16
  39
  71
 135
 168
 232
 252
 354
 355
 371
(10 rows)

EXPLAIN (costs off)
SELECT id FROM test_int4_h_a WHERE  t @@ 'wr&qh' AND id >= 400 ORDER BY id;
                               QUERY PLAN                                
-------------------------------------------------------------------------
 Sort
   Sort Key: id
   ->  Index Scan using test_int4_h_a_idx on test_int4_h_a
         Index Cond: ((t @@ '''wr'' & ''qh'''::tsquery) AND (id >= 400))
(4 rows)

SELECT id FROM test_int4_h_a WHERE  t @@ 'wr&qh' AND id >= 400 ORDER BY id;
 id  
-----
 406
 415
 428
 457
 458
 484
 496
(7 rows)

CREATE TABLE test_int4_id_t AS SELECT id::int4, t FROM tsts;
CREATE INDEX test_int4_id_t_idx ON test_int4_o USING rum
	(t rum_tsvector_ops, id);
EXPLAIN (costs off)
SELECT id FROM test_int4_h_a WHERE  t @@ 'wr&qh' AND id <= 400::int4 ORDER BY id <=> 400::int4;
                            QUERY PLAN                             
-------------------------------------------------------------------
 Index Scan using test_int4_h_a_idx on test_int4_h_a
   Index Cond: ((t @@ '''wr'' & ''qh'''::tsquery) AND (id <= 400))
   Order By: (id <=> 400)
(3 rows)

SELECT id FROM test_int4_h_a WHERE  t @@ 'wr&qh' AND id <= 400::int4 ORDER BY id <=> 400::int4;
 id  
-----
 371
 355
 354
 252
 232
 168
 135
  71
  39
  16
(10 rows)

